2026-01-18 21:19:33.114 [main] INFO  c.t.o.e.ObservabilityExampleApplicationTests -
                traceId= spanId= Starting ObservabilityExampleApplicationTests using Java 17.0.9 with PID 23716 (started by Asus in C:\Users\Asus\Self-learning-projects\observability-example)
2026-01-18 21:19:33.116 [main] DEBUG c.t.o.e.ObservabilityExampleApplicationTests -
                traceId= spanId= Running with Spring Boot v3.5.9, Spring v6.2.15
2026-01-18 21:19:33.117 [main] INFO  c.t.o.e.ObservabilityExampleApplicationTests -
                traceId= spanId= No active profile set, falling back to 1 default profile: "default"
2026-01-18 21:19:35.478 [main] INFO  o.s.b.a.e.web.EndpointLinksResolver -
                traceId= spanId= Exposing 1 endpoint beneath base path '/actuator'
2026-01-18 21:19:35.545 [main] INFO  c.t.o.e.ObservabilityExampleApplicationTests -
                traceId= spanId= Started ObservabilityExampleApplicationTests in 2.892 seconds (process running for 4.131)
2026-01-18 21:45:06.549 [main] INFO  c.t.o.e.ObservabilityExampleApplication -
                traceId= spanId= Starting ObservabilityExampleApplication using Java 17.0.9 with PID 18384 (C:\Users\Asus\Self-learning-projects\observability-example\target\classes started by Asus in C:\Users\Asus\Self-learning-projects\observability-example)
2026-01-18 21:45:06.552 [main] DEBUG c.t.o.e.ObservabilityExampleApplication -
                traceId= spanId= Running with Spring Boot v3.5.9, Spring v6.2.15
2026-01-18 21:45:06.552 [main] INFO  c.t.o.e.ObservabilityExampleApplication -
                traceId= spanId= No active profile set, falling back to 1 default profile: "default"
2026-01-18 21:45:07.551 [main] INFO  o.s.b.w.e.tomcat.TomcatWebServer -
                traceId= spanId= Tomcat initialized with port 9999 (http)
2026-01-18 21:45:07.566 [main] INFO  o.a.coyote.http11.Http11NioProtocol -
                traceId= spanId= Initializing ProtocolHandler ["http-nio-0.0.0.0-9999"]
2026-01-18 21:45:07.568 [main] INFO  o.a.catalina.core.StandardService -
                traceId= spanId= Starting service [Tomcat]
2026-01-18 21:45:07.568 [main] INFO  o.a.catalina.core.StandardEngine -
                traceId= spanId= Starting Servlet engine: [Apache Tomcat/10.1.50]
2026-01-18 21:45:07.627 [main] INFO  o.a.c.c.C.[Tomcat].[localhost].[/] -
                traceId= spanId= Initializing Spring embedded WebApplicationContext
2026-01-18 21:45:07.627 [main] INFO  o.s.b.w.s.c.ServletWebServerApplicationContext -
                traceId= spanId= Root WebApplicationContext: initialization completed in 1040 ms
2026-01-18 21:45:07.768 [main] INFO  i.m.c.i.push.PushMeterRegistry -
                traceId= spanId= Publishing metrics for OtlpMeterRegistry every 1m to http://localhost:4318/v1/metrics with resource attributes {service.name=observability-example}
2026-01-18 21:45:08.325 [main] INFO  o.s.b.a.e.web.EndpointLinksResolver -
                traceId= spanId= Exposing 1 endpoint beneath base path '/actuator'
2026-01-18 21:45:08.360 [main] INFO  o.a.coyote.http11.Http11NioProtocol -
                traceId= spanId= Starting ProtocolHandler ["http-nio-0.0.0.0-9999"]
2026-01-18 21:45:08.370 [main] INFO  o.s.b.w.e.tomcat.TomcatWebServer -
                traceId= spanId= Tomcat started on port 9999 (http) with context path '/'
2026-01-18 21:45:08.381 [main] INFO  c.t.o.e.ObservabilityExampleApplication -
                traceId= spanId= Started ObservabilityExampleApplication in 2.359 seconds (process running for 2.634)
2026-01-18 21:45:49.134 [http-nio-0.0.0.0-9999-exec-1] INFO  o.a.c.c.C.[Tomcat].[localhost].[/] -
                traceId= spanId= Initializing Spring DispatcherServlet 'dispatcherServlet'
2026-01-18 21:45:49.134 [http-nio-0.0.0.0-9999-exec-1] INFO  o.s.web.servlet.DispatcherServlet -
                traceId= spanId= Initializing Servlet 'dispatcherServlet'
2026-01-18 21:45:49.135 [http-nio-0.0.0.0-9999-exec-1] INFO  o.s.web.servlet.DispatcherServlet -
                traceId= spanId= Completed initialization in 1 ms
2026-01-18 21:52:21.893 [main] INFO  c.t.o.e.ObservabilityExampleApplication -
                traceId= spanId= Starting ObservabilityExampleApplication using Java 17.0.9 with PID 9904 (C:\Users\Asus\Self-learning-projects\observability-example\target\classes started by Asus in C:\Users\Asus\Self-learning-projects\observability-example)
2026-01-18 21:52:21.894 [main] DEBUG c.t.o.e.ObservabilityExampleApplication -
                traceId= spanId= Running with Spring Boot v3.5.9, Spring v6.2.15
2026-01-18 21:52:21.895 [main] INFO  c.t.o.e.ObservabilityExampleApplication -
                traceId= spanId= No active profile set, falling back to 1 default profile: "default"
2026-01-18 21:52:22.730 [main] INFO  o.s.b.w.e.tomcat.TomcatWebServer -
                traceId= spanId= Tomcat initialized with port 9999 (http)
2026-01-18 21:52:22.738 [main] INFO  o.a.coyote.http11.Http11NioProtocol -
                traceId= spanId= Initializing ProtocolHandler ["http-nio-0.0.0.0-9999"]
2026-01-18 21:52:22.740 [main] INFO  o.a.catalina.core.StandardService -
                traceId= spanId= Starting service [Tomcat]
2026-01-18 21:52:22.740 [main] INFO  o.a.catalina.core.StandardEngine -
                traceId= spanId= Starting Servlet engine: [Apache Tomcat/10.1.50]
2026-01-18 21:52:22.789 [main] INFO  o.a.c.c.C.[Tomcat].[localhost].[/] -
                traceId= spanId= Initializing Spring embedded WebApplicationContext
2026-01-18 21:52:22.790 [main] INFO  o.s.b.w.s.c.ServletWebServerApplicationContext -
                traceId= spanId= Root WebApplicationContext: initialization completed in 865 ms
2026-01-18 21:52:23.021 [main] INFO  i.m.c.i.push.PushMeterRegistry -
                traceId= spanId= Publishing metrics for OtlpMeterRegistry every 1m to http://localhost:4318/v1/metrics with resource attributes {service.name=observability-example}
2026-01-18 21:52:23.455 [main] INFO  o.s.b.a.e.web.EndpointLinksResolver -
                traceId= spanId= Exposing 1 endpoint beneath base path '/actuator'
2026-01-18 21:52:23.484 [main] INFO  o.a.coyote.http11.Http11NioProtocol -
                traceId= spanId= Starting ProtocolHandler ["http-nio-0.0.0.0-9999"]
2026-01-18 21:52:23.492 [main] INFO  o.s.b.w.e.tomcat.TomcatWebServer -
                traceId= spanId= Tomcat started on port 9999 (http) with context path '/'
2026-01-18 21:52:23.503 [main] INFO  c.t.o.e.ObservabilityExampleApplication -
                traceId= spanId= Started ObservabilityExampleApplication in 2.053 seconds (process running for 2.305)
2026-01-18 21:52:35.286 [http-nio-0.0.0.0-9999-exec-1] INFO  o.a.c.c.C.[Tomcat].[localhost].[/] -
                traceId= spanId= Initializing Spring DispatcherServlet 'dispatcherServlet'
2026-01-18 21:52:35.286 [http-nio-0.0.0.0-9999-exec-1] INFO  o.s.web.servlet.DispatcherServlet -
                traceId= spanId= Initializing Servlet 'dispatcherServlet'
2026-01-18 21:52:35.287 [http-nio-0.0.0.0-9999-exec-1] INFO  o.s.web.servlet.DispatcherServlet -
                traceId= spanId= Completed initialization in 1 ms
