2026-01-19 14:09:52.847 [main] INFO  c.t.o.e.ObservabilityExampleApplication -
                traceId= spanId= Starting ObservabilityExampleApplication using Java 17.0.9 with PID 29976 (C:\Users\Asus\Self-learning-projects\observability-example\target\classes started by Asus in C:\Users\Asus\Self-learning-projects\observability-example)
2026-01-19 14:09:52.854 [main] DEBUG c.t.o.e.ObservabilityExampleApplication -
                traceId= spanId= Running with Spring Boot v3.5.9, Spring v6.2.15
2026-01-19 14:09:52.856 [main] INFO  c.t.o.e.ObservabilityExampleApplication -
                traceId= spanId= No active profile set, falling back to 1 default profile: "default"
2026-01-19 14:09:55.082 [main] INFO  o.s.b.w.e.tomcat.TomcatWebServer -
                traceId= spanId= Tomcat initialized with port 9999 (http)
2026-01-19 14:09:55.104 [main] INFO  o.a.coyote.http11.Http11NioProtocol -
                traceId= spanId= Initializing ProtocolHandler ["http-nio-0.0.0.0-9999"]
2026-01-19 14:09:55.108 [main] INFO  o.a.catalina.core.StandardService -
                traceId= spanId= Starting service [Tomcat]
2026-01-19 14:09:55.108 [main] INFO  o.a.catalina.core.StandardEngine -
                traceId= spanId= Starting Servlet engine: [Apache Tomcat/10.1.50]
2026-01-19 14:09:55.250 [main] INFO  o.a.c.c.C.[Tomcat].[localhost].[/] -
                traceId= spanId= Initializing Spring embedded WebApplicationContext
2026-01-19 14:09:55.251 [main] INFO  o.s.b.w.s.c.ServletWebServerApplicationContext -
                traceId= spanId= Root WebApplicationContext: initialization completed in 2301 ms
2026-01-19 14:09:55.784 [main] INFO  i.m.c.i.push.PushMeterRegistry -
                traceId= spanId= Publishing metrics for OtlpMeterRegistry every 1m to http://localhost:4318/v1/metrics with resource attributes {service.name=observability-example}
2026-01-19 14:09:56.884 [main] INFO  o.s.b.a.e.web.EndpointLinksResolver -
                traceId= spanId= Exposing 1 endpoint beneath base path '/actuator'
2026-01-19 14:09:56.969 [main] INFO  o.a.coyote.http11.Http11NioProtocol -
                traceId= spanId= Starting ProtocolHandler ["http-nio-0.0.0.0-9999"]
2026-01-19 14:09:56.990 [main] INFO  o.s.b.w.e.tomcat.TomcatWebServer -
                traceId= spanId= Tomcat started on port 9999 (http) with context path '/'
2026-01-19 14:09:57.021 [main] INFO  c.t.o.e.ObservabilityExampleApplication -
                traceId= spanId= Started ObservabilityExampleApplication in 5.437 seconds (process running for 6.084)
2026-01-19 14:10:58.963 [http-nio-0.0.0.0-9999-exec-1] INFO  o.a.c.c.C.[Tomcat].[localhost].[/] -
                traceId= spanId= Initializing Spring DispatcherServlet 'dispatcherServlet'
2026-01-19 14:10:58.965 [http-nio-0.0.0.0-9999-exec-1] INFO  o.s.web.servlet.DispatcherServlet -
                traceId= spanId= Initializing Servlet 'dispatcherServlet'
2026-01-19 14:10:58.967 [http-nio-0.0.0.0-9999-exec-1] INFO  o.s.web.servlet.DispatcherServlet -
                traceId= spanId= Completed initialization in 2 ms
2026-01-19 14:11:50.075 [main] INFO  c.t.o.e.ObservabilityExampleApplication -
                traceId= spanId= Starting ObservabilityExampleApplication using Java 17.0.9 with PID 36408 (C:\Users\Asus\Self-learning-projects\observability-example\target\classes started by Asus in C:\Users\Asus\Self-learning-projects\observability-example)
2026-01-19 14:11:50.077 [main] DEBUG c.t.o.e.ObservabilityExampleApplication -
                traceId= spanId= Running with Spring Boot v3.5.9, Spring v6.2.15
2026-01-19 14:11:50.079 [main] INFO  c.t.o.e.ObservabilityExampleApplication -
                traceId= spanId= No active profile set, falling back to 1 default profile: "default"
2026-01-19 14:11:52.275 [main] INFO  o.s.b.w.e.tomcat.TomcatWebServer -
                traceId= spanId= Tomcat initialized with port 9999 (http)
2026-01-19 14:11:52.293 [main] INFO  o.a.coyote.http11.Http11NioProtocol -
                traceId= spanId= Initializing ProtocolHandler ["http-nio-0.0.0.0-9999"]
2026-01-19 14:11:52.296 [main] INFO  o.a.catalina.core.StandardService -
                traceId= spanId= Starting service [Tomcat]
2026-01-19 14:11:52.296 [main] INFO  o.a.catalina.core.StandardEngine -
                traceId= spanId= Starting Servlet engine: [Apache Tomcat/10.1.50]
2026-01-19 14:11:52.422 [main] INFO  o.a.c.c.C.[Tomcat].[localhost].[/] -
                traceId= spanId= Initializing Spring embedded WebApplicationContext
2026-01-19 14:11:52.423 [main] INFO  o.s.b.w.s.c.ServletWebServerApplicationContext -
                traceId= spanId= Root WebApplicationContext: initialization completed in 2264 ms
2026-01-19 14:11:52.923 [main] INFO  i.m.c.i.push.PushMeterRegistry -
                traceId= spanId= Publishing metrics for OtlpMeterRegistry every 1m to http://localhost:4318/v1/metrics with resource attributes {service.name=observability-example}
2026-01-19 14:11:53.990 [main] INFO  o.s.b.a.e.web.EndpointLinksResolver -
                traceId= spanId= Exposing 1 endpoint beneath base path '/actuator'
2026-01-19 14:11:54.059 [main] INFO  o.a.coyote.http11.Http11NioProtocol -
                traceId= spanId= Starting ProtocolHandler ["http-nio-0.0.0.0-9999"]
2026-01-19 14:11:54.080 [main] INFO  o.s.b.w.e.tomcat.TomcatWebServer -
                traceId= spanId= Tomcat started on port 9999 (http) with context path '/'
2026-01-19 14:11:54.107 [main] INFO  c.t.o.e.ObservabilityExampleApplication -
                traceId= spanId= Started ObservabilityExampleApplication in 5.152 seconds (process running for 5.78)
2026-01-19 14:12:00.614 [http-nio-0.0.0.0-9999-exec-1] INFO  o.a.c.c.C.[Tomcat].[localhost].[/] -
                traceId= spanId= Initializing Spring DispatcherServlet 'dispatcherServlet'
2026-01-19 14:12:00.614 [http-nio-0.0.0.0-9999-exec-1] INFO  o.s.web.servlet.DispatcherServlet -
                traceId= spanId= Initializing Servlet 'dispatcherServlet'
2026-01-19 14:12:00.617 [http-nio-0.0.0.0-9999-exec-1] INFO  o.s.web.servlet.DispatcherServlet -
                traceId= spanId= Completed initialization in 2 ms
